Microchip MPLAB XC8 Compiler V2.41

Linker command line:

-W-3 \
  --edf=C:\Program Files\Microchip\xc8\v2.41\pic\dat\20230208172133_en.msgs \
  -cn -h+dist/default/production\Smart_Home.X.production.sym \
  --cmf=dist/default/production\Smart_Home.X.production.cmf -z -Q18F46K20 \
  -oC:\Users\user\AppData\Local\Temp\xcAsv3c.\driver_tmp_3.o \
  --defsym=__MPLAB_BUILD=1 --fixupoverflow=error \
  -Mdist/default/production/Smart_Home.X.production.map \
  --md=C:\Users\user\AppData\Local\Temp\xcAsv3c.\driver_tmp_0.dat -E1 \
  -ver=XC8 Compiler --acfsm=1493 -ACODE=00h-0FFFFh -ACONST=00h-0FFFFh \
  -ASMALLCONST=01000h-010FFhx240 -AMEDIUMCONST=01000h-0FFFFh \
  -ACOMRAM=01h-05Fh -AABS1=00h-0F5Fh -ABIGRAM=01h-0F5Fh \
  -ARAM=060h-0FFh,0100h-01FFhx14,0F00h-0F5Fh -ABANK0=060h-0FFh \
  -ABANK1=0100h-01FFh -ABANK2=0200h-02FFh -ABANK3=0300h-03FFh \
  -ABANK4=0400h-04FFh -ABANK5=0500h-05FFh -ABANK6=0600h-06FFh \
  -ABANK7=0700h-07FFh -ABANK8=0800h-08FFh -ABANK9=0900h-09FFh \
  -ABANK10=0A00h-0AFFh -ABANK11=0B00h-0BFFh -ABANK12=0C00h-0CFFh \
  -ABANK13=0D00h-0DFFh -ABANK14=0E00h-0EFFh -ABANK15=0F00h-0F5Fh \
  -ASFR=0F60h-0FFFh -ABIGSFR=0F60h-0FFFh -ACONFIG=0300000h-030000Dh \
  -AIDLOC=0200000h-0200007h -AEEDATA=0F00000h-0F003FFh -peeprom_data=EEDATA \
  -preset_vec=00h,intcode=08h,intcodelo=018h,powerup,init -pramtop=01000h \
  -psmallconst=SMALLCONST -pmediumconst=MEDIUMCONST -pconst=CONST \
  -AFARRAM=00h-00h \
  -prdata=COMRAM,nvrram=COMRAM,nvbit=COMRAM,rbss=COMRAM,rbit=COMRAM \
  -pfarbss=FARRAM,fardata=FARRAM,nvFARRAM=FARRAM \
  -pintsave_regs=BIGRAM,bigbss=BIGRAM,bigdata=BIGRAM -pbss=RAM \
  -pidata=CODE,irdata=CODE,ibigdata=CODE,ifardata=CODE -prparam=COMRAM \
  C:\Users\user\AppData\Local\Temp\xcAsv3c.\driver_tmp_9.o \
  dist/default/production\Smart_Home.X.production.o 

Object code version is 3.11

Machine type is 18F46K20



                Name                               Link     Load   Length Selector   Space Scale
C:\Users\user\AppData\Local\Temp\xcAsv3c.\driver_tmp_9.o
                idloc                            200000   200000        8        0       5
                config                           300000   300000        E        0       4
                init                                112      112        4        C       0
                reset_vec                             0        0        4        0       0
dist/default/production\Smart_Home.X.production.o
                intcodelo                            18       18       FA        C       0
                intcode                               8        8        6        4       0
                idloc                            200000   200000        8        0       5
                config                           300000   300000        E        0       4
                temp                                 4B       4B        1        1       1
                smallconst                         1000     1000       3A      800       0
                text83                             1E6C     1E6C        4      81D       0
                text82                             1E68     1E68        4      81D       0
                text81                             1C00     1C00       24      81D       0
                text80                             1776     1776       76      81D       0
                text79                             1CC8     1CC8       18      81D       0
                text78                             1B86     1B86       2C      81D       0
                text77                             1E64     1E64        4      81D       0
                text76                             1E60     1E60        4      81D       0
                text75                             1B5A     1B5A       2C      81D       0
                text74                             1B2E     1B2E       2C      81D       0
                text73                             1B02     1B02       2C      81D       0
                text72                             1A64     1A64       40      81D       0
                text71                             1E5C     1E5C        4      81D       0
                text70                             1E2E     1E2E        6      81D       0
                text69                             1E58     1E58        4      81D       0
                text68                             1E28     1E28        6      81D       0
                text67                             1E0E     1E0E        8      81D       0
                text66                             1D20     1D20       14      81D       0
                text65                             1E54     1E54        4      81D       0
                text64                             1608     1608       7C      81D       0
                text63                             1D7C     1D7C        C      81D       0
                text62                             1D54     1D54       10      81D       0
                text61                             1D44     1D44       10      81D       0
                text60                             103A     103A       C4      81D       0
                text59                             13C0     13C0       A6      81D       0
                text58                             1D70     1D70        C      81D       0
                text57                             1E06     1E06        8      81D       0
                text56                             1DFE     1DFE        8      81D       0
                text55                             1DF6     1DF6        8      81D       0
                text54                             1DEE     1DEE        8      81D       0
                text53                             1DE6     1DE6        8      81D       0
                text52                             1DDE     1DDE        8      81D       0
                text51                             1DD6     1DD6        8      81D       0
                text50                             1D64     1D64        C      81D       0
                text49                             18C4     18C4       66      81D       0
                text48                             1E50     1E50        4      81D       0
                text47                             17EC     17EC       70      81D       0
                text46                             1E22     1E22        6      81D       0
                intcode_body                       126E     126E       AC      81D       0
                text44                             1BB2     1BB2       2A      81D       0
                text43                             1E1C     1E1C        6      81D       0
                text42                             1E70     1E70        2      81D       0
                text41                             1E16     1E16        6      81D       0
                text40                             10FE     10FE       BA      81D       0
                text39                             1A24     1A24       40      81D       0
                text38                             1E4C     1E4C        4      81D       0
                text37                             1E48     1E48        4      81D       0
                text35                             1E44     1E44        4      81D       0
                text34                             1E40     1E40        4      81D       0
                text33                             1E3C     1E3C        4      81D       0
                text32                             1AD4     1AD4       2E      81D       0
                text31                             1E38     1E38        4      81D       0
                text30                             19E0     19E0       44      81D       0
                text29                             1DCE     1DCE        8      81D       0
                text28                             1E34     1E34        4      81D       0
                text27                             1C46     1C46       22      81D       0
                text26                             1DC4     1DC4        A      81D       0
                text25                             1466     1466       A2      81D       0
                text24                             1684     1684       7A      81D       0
                text23                             1CB0     1CB0       18      81D       0
                text22                             1BDC     1BDC       24      81D       0
                text21                             1C98     1C98       18      81D       0
                text20                             1508     1508       82      81D       0
                text19                             1C80     1C80       18      81D       0
                text18                             16FE     16FE       78      81D       0
                text17                             1CF6     1CF6       16      81D       0
                text16                             185C     185C       68      81D       0
                text15                             1988     1988       58      81D       0
                text14                             192A     192A       5E      81D       0
                text13                             131A     131A       A6      81D       0
                text12                             1DBA     1DBA        A      81D       0
                text11                             1DB0     1DB0        A      81D       0
                text10                             1DA6     1DA6        A      81D       0
                text9                              1D9C     1D9C        A      81D       0
                text8                              1D92     1D92        A      81D       0
                text7                              158A     158A       7E      81D       0
                text6                              1D0C     1D0C       14      81D       0
                text5                              1D34     1D34       10      81D       0
                text4                              1D88     1D88        A      81D       0
                text3                              1AA4     1AA4       30      81D       0
                text2                              1CE0     1CE0       16      81D       0
                text1                              1C68     1C68       18      81D       0
                text0                              11B8     11B8       B6      81D       0
                cstackCOMRAM                         35       35       16        1       1
                cstackBANK0                          92       92       13       60       1
                bssBANK0                             60       60       32       60       1
                bssCOMRAM                             1        1       34        1       1
                cinit                              1C24     1C24       22      81D       0
                nvBANK0                              A5       A5        A       60       1

TOTAL           Name                               Link     Load   Length     Space
        CLASS   CODE           
                intcodelo                            18       18       FA         0
                intcode                               8        8        6         0
                init                                112      112        4         0
                reset_vec                             0        0        4         0
                text83                             1E6C     1E6C        4         0
                text82                             1E68     1E68        4         0
                text81                             1C00     1C00       24         0
                text80                             1776     1776       76         0
                text79                             1CC8     1CC8       18         0
                text78                             1B86     1B86       2C         0
                text77                             1E64     1E64        4         0
                text76                             1E60     1E60        4         0
                text75                             1B5A     1B5A       2C         0
                text74                             1B2E     1B2E       2C         0
                text73                             1B02     1B02       2C         0
                text72                             1A64     1A64       40         0
                text71                             1E5C     1E5C        4         0
                text70                             1E2E     1E2E        6         0
                text69                             1E58     1E58        4         0
                text68                             1E28     1E28        6         0
                text67                             1E0E     1E0E        8         0
                text66                             1D20     1D20       14         0
                text65                             1E54     1E54        4         0
                text64                             1608     1608       7C         0
                text63                             1D7C     1D7C        C         0
                text62                             1D54     1D54       10         0
                text61                             1D44     1D44       10         0
                text60                             103A     103A       C4         0
                text59                             13C0     13C0       A6         0
                text58                             1D70     1D70        C         0
                text57                             1E06     1E06        8         0
                text56                             1DFE     1DFE        8         0
                text55                             1DF6     1DF6        8         0
                text54                             1DEE     1DEE        8         0
                text53                             1DE6     1DE6        8         0
                text52                             1DDE     1DDE        8         0
                text51                             1DD6     1DD6        8         0
                text50                             1D64     1D64        C         0
                text49                             18C4     18C4       66         0
                text48                             1E50     1E50        4         0
                text47                             17EC     17EC       70         0
                text46                             1E22     1E22        6         0
                intcode_body                       126E     126E       AC         0
                text44                             1BB2     1BB2       2A         0
                text43                             1E1C     1E1C        6         0
                text42                             1E70     1E70        2         0
                text41                             1E16     1E16        6         0
                text40                             10FE     10FE       BA         0
                text39                             1A24     1A24       40         0
                text38                             1E4C     1E4C        4         0
                text37                             1E48     1E48        4         0
                text35                             1E44     1E44        4         0
                text34                             1E40     1E40        4         0
                text33                             1E3C     1E3C        4         0
                text32                             1AD4     1AD4       2E         0
                text31                             1E38     1E38        4         0
                text30                             19E0     19E0       44         0
                text29                             1DCE     1DCE        8         0
                text28                             1E34     1E34        4         0
                text27                             1C46     1C46       22         0
                text26                             1DC4     1DC4        A         0
                text25                             1466     1466       A2         0
                text24                             1684     1684       7A         0
                text23                             1CB0     1CB0       18         0
                text22                             1BDC     1BDC       24         0
                text21                             1C98     1C98       18         0
                text20                             1508     1508       82         0
                text19                             1C80     1C80       18         0
                text18                             16FE     16FE       78         0
                text17                             1CF6     1CF6       16         0
                text16                             185C     185C       68         0
                text15                             1988     1988       58         0
                text14                             192A     192A       5E         0
                text13                             131A     131A       A6         0
                text12                             1DBA     1DBA        A         0
                text11                             1DB0     1DB0        A         0
                text10                             1DA6     1DA6        A         0
                text9                              1D9C     1D9C        A         0
                text8                              1D92     1D92        A         0
                text7                              158A     158A       7E         0
                text6                              1D0C     1D0C       14         0
                text5                              1D34     1D34       10         0
                text4                              1D88     1D88        A         0
                text3                              1AA4     1AA4       30         0
                text2                              1CE0     1CE0       16         0
                text1                              1C68     1C68       18         0
                text0                              11B8     11B8       B6         0
                cinit                              1C24     1C24       22         0

        CLASS   CONST          

        CLASS   SMALLCONST     
                smallconst                         1000     1000       3A         0

        CLASS   MEDIUMCONST    

        CLASS   COMRAM         
                temp                                 4B       4B        1         1
                cstackCOMRAM                         35       35       16         1
                bssCOMRAM                             1        1       34         1

        CLASS   ABS1           

        CLASS   BIGRAM         

        CLASS   RAM            

        CLASS   BANK0          
                cstackBANK0                          92       92       13         1
                bssBANK0                             60       60       32         1
                nvBANK0                              A5       A5        A         1

        CLASS   BANK1          

        CLASS   BANK2          

        CLASS   BANK3          

        CLASS   BANK4          

        CLASS   BANK5          

        CLASS   BANK6          

        CLASS   BANK7          

        CLASS   BANK8          

        CLASS   BANK9          

        CLASS   BANK10         

        CLASS   BANK11         

        CLASS   BANK12         

        CLASS   BANK13         

        CLASS   BANK14         

        CLASS   BANK15         

        CLASS   SFR            

        CLASS   BIGSFR         

        CLASS   CONFIG         
                config                           300000   300000        E         4

        CLASS   IDLOC          
                idloc                            200000   200000        8         5

        CLASS   EEDATA         

        CLASS   FARRAM         

        CLASS   HEAP           

        CLASS   STACK          



SEGMENTS        Name                           Load    Length   Top    Selector   Space  Class

                reset_vec                      000000  000004  000004         0       0  CODE    
                bssCOMRAM                      000001  00004B  00004C         1       1  COMRAM  
                intcode                        000008  000006  00000E         4       0  CODE    
                intcodelo                      000018  0000FE  000116         C       0  CODE    
                bssBANK0                       000060  00004F  0000AF        60       1  BANK0   
                smallconst                     001000  00003A  00103A       800       0  SMALLCON
                text60                         00103A  000E38  001E72       81D       0  CODE    


UNUSED ADDRESS RANGES

        Name                Unused          Largest block    Delta
        BANK0            0000AF-0000FF               51
        BANK1            000100-0001FF              100
        BANK10           000A00-000AFF              100
        BANK11           000B00-000BFF              100
        BANK12           000C00-000CFF              100
        BANK13           000D00-000DFF              100
        BANK14           000E00-000EFF              100
        BANK15           000F00-000F5F               60
        BANK2            000200-0002FF              100
        BANK3            000300-0003FF              100
        BANK4            000400-0004FF              100
        BANK5            000500-0005FF              100
        BANK6            000600-0006FF              100
        BANK7            000700-0007FF              100
        BANK8            000800-0008FF              100
        BANK9            000900-0009FF              100
        BIGRAM           00004C-00005F               14
                         0000AF-000F5F              EB1
        BIGSFR           000F60-000FFF               A0
        CODE             000004-000007                4
                         00000E-000017                A
                         000116-000FFF              EEA
                         001E72-00FFFF             E18E
        COMRAM           00004C-00005F               14
        CONST            000004-000007                4
                         00000E-000017                A
                         000116-000FFF              EEA
                         001E72-00FFFF             E18E
        EEDATA           F00000-F003FF              400
        MEDIUMCONST      001E72-00FFFF             E18E
        RAM              0000AF-000F5F              100
        SFR              000F60-000FFF               A0
        SMALLCONST       001E72-00FFFF              100

                                  Symbol Table

?_Get_Date_Time                                cstackBANK0  00009E
EEPROM_Read_Byte@Byte_Address                  cstackBANK0  00009E
EEPROM_Read_Byte@EEPROM_Address                cstackBANK0  00009F
EEPROM_Read_Byte@Recived_value                 cstackBANK0  0000A0
EEPROM_Write_Byte@Byte_Address                 cstackBANK0  00009E
EEPROM_Write_Byte@EEPROM_Address               cstackBANK0  0000A0
EEPROM_Write_Byte@data                         cstackBANK0  00009F
EUSART_SetErrorHandler@interruptHandler        cstackBANK0  000092
EUSART_SetFramingErrorHandler@interruptHandler cstackBANK0  000092
EUSART_SetOverrunErrorHandler@interruptHandler cstackBANK0  000092
EUSART_SetRxInterruptHandler@interruptHandler  cstackBANK0  000092
EUSART_SetTxInterruptHandler@interruptHandler  cstackBANK0  000092
EUSART_Write@txData                            cstackBANK0  000092
I2C_Close@returnValue                          cstackBANK0  000092
I2C_MasterOperation@read                       cstackBANK0  000092
I2C_MasterOperation@returnValue                cstackBANK0  000093
I2C_MasterSendTxData@data                      cstackCOMRAM 000035
I2C_Open@address                               cstackBANK0  000094
I2C_Open@returnValue                           cstackBANK0  000095
I2C_Read1ByteRegister@address                  cstackBANK0  00009C
I2C_Read1ByteRegister@reg                      cstackBANK0  00009B
I2C_Read1ByteRegister@returnValue              cstackBANK0  00009D
I2C_SetAddressNackCallback@cb                  cstackBANK0  000097
I2C_SetAddressNackCallback@ptr                 cstackBANK0  000099
I2C_SetBuffer@buffer                           cstackBANK0  000092
I2C_SetBuffer@bufferSize                       cstackBANK0  000094
I2C_SetCallback@cb                             cstackBANK0  000092
I2C_SetCallback@idx                            cstackBANK0  000096
I2C_SetCallback@ptr                            cstackBANK0  000094
I2C_SetDataCompleteCallback@cb                 cstackBANK0  000097
I2C_SetDataCompleteCallback@ptr                cstackBANK0  000099
I2C_SetInterruptHandler@InterruptHandler       cstackBANK0  000092
I2C_Write1ByteRegister@address                 cstackBANK0  00009D
I2C_Write1ByteRegister@data                    cstackBANK0  00009C
I2C_Write1ByteRegister@reg                     cstackBANK0  00009B
Temp_Read_Temp@TC74_Address                    cstackBANK0  00009E
Temp_Read_Temp@Temp_value                      cstackBANK0  00009F
USART_Send_String@l_String_Length              cstackBANK0  000097
USART_Send_String@str_len                      cstackBANK0  000095
USART_Send_String@string                       cstackBANK0  000093
_ANSEL                                         (abs)        000F7E
_ANSELH                                        (abs)        000F7F
_BAUDCON                                       (abs)        000FB8
_EEADR                                         (abs)        000FA9
_EEADRH                                        (abs)        000FAA
_EECON1bits                                    (abs)        000FA6
_EECON2                                        (abs)        000FA7
_EEDATA                                        (abs)        000FA8
_EEPROM_Read_Byte                              text19       001C80
_EEPROM_Write_Byte                             text17       001CF6
_EUSART_DefaultErrorHandler                    text43       001E1C
_EUSART_DefaultFramingErrorHandler             text42       001E70
_EUSART_DefaultOverrunErrorHandler             text41       001E16
_EUSART_ErrorHandler                           nvBANK0      0000A5
_EUSART_FramingErrorHandler                    nvBANK0      0000A9
_EUSART_Initialize                             text7        00158A
_EUSART_OverrunErrorHandler                    nvBANK0      0000A7
_EUSART_Receive_ISR                            text40       0010FE
_EUSART_RxDataHandler                          text44       001BB2
_EUSART_RxDefaultInterruptHandler              nvBANK0      0000AB
_EUSART_SetErrorHandler                        text12       001DBA
_EUSART_SetFramingErrorHandler                 text11       001DB0
_EUSART_SetOverrunErrorHandler                 text10       001DA6
_EUSART_SetRxInterruptHandler                  text9        001D9C
_EUSART_SetTxInterruptHandler                  text8        001D92
_EUSART_Transmit_ISR                           text39       001A24
_EUSART_TxDefaultInterruptHandler              nvBANK0      0000AD
_EUSART_Write                                  text15       001988
_Get_Date_Time                                 text16       00185C
_I2C_CallbackReturnReset                       text76       001E60
_I2C_CallbackReturnStop                        text77       001E64
_I2C_Close                                     text32       001AD4
_I2C_DO_ADDRESS_NACK                           text49       0018C4
_I2C_DO_IDLE                                   text63       001D7C
_I2C_DO_RCEN                                   text58       001D70
_I2C_DO_RESET                                  text50       001D64
_I2C_DO_RX                                     text59       0013C0
_I2C_DO_RX_ACK                                 text53       001DE6
_I2C_DO_RX_NACK_RESTART                        text51       001DD6
_I2C_DO_RX_NACK_STOP                           text52       001DDE
_I2C_DO_SEND_ADR_READ                          text62       001D54
_I2C_DO_SEND_ADR_WRITE                         text61       001D44
_I2C_DO_SEND_RESTART                           text55       001DF6
_I2C_DO_SEND_RESTART_READ                      text57       001E06
_I2C_DO_SEND_RESTART_WRITE                     text56       001DFE
_I2C_DO_SEND_STOP                              text54       001DEE
_I2C_DO_TX                                     text60       00103A
_I2C_DO_TX_EMPTY                               text64       001608
_I2C_Initialize                                text6        001D0C
_I2C_MasterClearIrq                            text35       001E44
_I2C_MasterClose                               text34       001E40
_I2C_MasterDisableIrq                          text33       001E3C
_I2C_MasterEnableIrq                           text28       001E34
_I2C_MasterEnableRestart                       text83       001E6C
_I2C_MasterFsm                                 text47       0017EC
_I2C_MasterGetRxData                           text69       001E58
_I2C_MasterIsNack                              text66       001D20
_I2C_MasterIsr                                 text46       001E22
_I2C_MasterOpen                                text27       001C46
_I2C_MasterOperation                           text30       0019E0
_I2C_MasterSendAck                             text68       001E28
_I2C_MasterSendNack                            text70       001E2E
_I2C_MasterSendTxData                          text67       001E0E
_I2C_MasterSetIrq                              text65       001E54
_I2C_MasterStart                               text31       001E38
_I2C_MasterStartRx                             text71       001E5C
_I2C_MasterStop                                text82       001E68
_I2C_MasterWrite                               text29       001DCE
_I2C_Open                                      text25       001466
_I2C_Read1ByteRegister                         text20       001508
_I2C_SetAddressNackCallback                    text23       001CB0
_I2C_SetBuffer                                 text22       001BDC
_I2C_SetCallback                               text24       001684
_I2C_SetDataCompleteCallback                   text21       001C98
_I2C_SetInterruptHandler                       text26       001DC4
_I2C_Status                                    bssBANK0     000060
_I2C_Write1ByteRegister                        text18       0016FE
_INTCON2bits                                   (abs)        000FF1
_INTCONbits                                    (abs)        000FF2
_INTERRUPT_Initialize                          text5        001D34
_INTERRUPT_InterruptManagerHigh                intcode      000008
_INTERRUPT_InterruptManagerLow                 intcodelo    000018
_IPR1bits                                      (abs)        000F9F
_IPR2bits                                      (abs)        000FA2
_LATA                                          (abs)        000F89
_LATB                                          (abs)        000F8A
_LATC                                          (abs)        000F8B
_LATD                                          (abs)        000F8C
_LATE                                          (abs)        000F8D
_MEMORY_ISR                                    text38       001E4C
_MSSP_InterruptHandler                         bssCOMRAM    000017
_OSCCON                                        (abs)        000FD3
_OSCILLATOR_Initialize                         text4        001D88
_OSCTUNE                                       (abs)        000F9B
_PIE1bits                                      (abs)        000F9D
_PIE2bits                                      (abs)        000FA0
_PIN_MANAGER_IOC                               text37       001E48
_PIN_MANAGER_Initialize                        text3        001AA4
_PIR1bits                                      (abs)        000F9E
_PIR2bits                                      (abs)        000FA1
_Print_Date_time                               text13       00131A
_RCONbits                                      (abs)        000FD0
_RCREG                                         (abs)        000FAE
_RCSTA                                         (abs)        000FAB
_RCSTAbits                                     (abs)        000FAB
_RTC                                           bssBANK0     00008C
_RTC@RTC$F1555                                 bssCOMRAM    000011
_RTC_Pack                                      bssCOMRAM    000023
_SPBRG                                         (abs)        000FAF
_SPBRGH                                        (abs)        000FB0
_SSPADD                                        (abs)        000FC8
_SSPBUF                                        (abs)        000FC9
_SSPCON1                                       (abs)        000FC6
_SSPCON1bits                                   (abs)        000FC6
_SSPCON2                                       (abs)        000FC5
_SSPCON2bits                                   (abs)        000FC5
_SSPSTAT                                       (abs)        000FC7
_SSPSTATbits                                   (abs)        000FC7
_SYSTEM_Initialize                             text2        001CE0
_TABLAT                                        (abs)        000FF5
_TBLPTRH                                       (abs)        000FF7
_TBLPTRL                                       (abs)        000FF6
_TBLPTRU                                       (abs)        000FF8
_TRISA                                         (abs)        000F92
_TRISB                                         (abs)        000F93
_TRISC                                         (abs)        000F94
_TRISD                                         (abs)        000F95
_TRISE                                         (abs)        000F96
_TXREG                                         (abs)        000FAD
_TXSTA                                         (abs)        000FAC
_TXSTAbits                                     (abs)        000FAC
_TempValue                                     bssCOMRAM    000020
_Temp_Read_Temp                                text1        001C68
_U4RecValue                                    bssCOMRAM    000022
_U5RecValue                                    bssCOMRAM    000021
_USART_Send_String                             text14       00192A
_WPUB                                          (abs)        000F7C
__HRAM                                         (abs)        000000
__H__absolute__                                __absolute__ 000000
__Habs1                                        abs1         000000
__Hbank0                                       bank0        000000
__Hbank1                                       bank1        000000
__Hbank10                                      bank10       000000
__Hbank11                                      bank11       000000
__Hbank12                                      bank12       000000
__Hbank13                                      bank13       000000
__Hbank14                                      bank14       000000
__Hbank15                                      bank15       000000
__Hbank2                                       bank2        000000
__Hbank3                                       bank3        000000
__Hbank4                                       bank4        000000
__Hbank5                                       bank5        000000
__Hbank6                                       bank6        000000
__Hbank7                                       bank7        000000
__Hbank8                                       bank8        000000
__Hbank9                                       bank9        000000
__Hbigbss                                      bigbss       000000
__Hbigdata                                     bigdata      000000
__Hbigram                                      bigram       000000
__Hbigsfr                                      bigsfr       000000
__Hbss                                         bss          000000
__HbssBANK0                                    bssBANK0     000000
__HbssCOMRAM                                   bssCOMRAM    000000
__Hcinit                                       cinit        000000
__Hclrtext                                     clrtext      000000
__Hcomram                                      comram       000000
__Hconfig                                      config       30000E
__Hconst                                       const        000000
__HcstackBANK0                                 cstackBANK0  000000
__HcstackCOMRAM                                cstackCOMRAM 000000
__Hdata                                        data         000000
__Heeprom_data                                 eeprom_data  000000
__Hfarbss                                      farbss       000000
__Hfardata                                     fardata      000000
__Hheap                                        heap         000000
__Hibigdata                                    ibigdata     000000
__Hidata                                       idata        000000
__Hidloc                                       idloc        200008
__Hifardata                                    ifardata     000000
__Hinit                                        init         000116
__Hintcode                                     intcode      00000E
__Hintcode_body                                intcode_body 000000
__Hintcodelo                                   intcodelo    000112
__Hintentry                                    intentry     000000
__Hintret                                      intret       000000
__Hintsave_regs                                intsave_regs 000000
__Hirdata                                      irdata       000000
__Hmediumconst                                 mediumconst  000000
__HnvBANK0                                     nvBANK0      000000
__HnvFARRAM                                    nvFARRAM     000000
__Hnvbit                                       nvbit        000000
__Hnvrram                                      nvrram       000000
__Hparam                                       rparam       000000
__Hpowerup                                     powerup      000112
__Hram                                         ram          000000
__Hramtop                                      ramtop       001000
__Hrbit                                        rbit         000000
__Hrbss                                        rbss         000000
__Hrdata                                       rdata        000000
__Hreset_vec                                   reset_vec    000004
__Hrparam                                      rparam       000000
__Hsfr                                         sfr          000000
__Hsmallconst                                  smallconst   00103A
__Hspace_0                                     (abs)        001E72
__Hspace_1                                     (abs)        0000AF
__Hspace_2                                     (abs)        000000
__Hspace_4                                     (abs)        60000E
__Hstack                                       stack        000000
__Hstruct                                      struct       000000
__Htemp                                        temp         00004C
__Htext                                        text         000000
__Htext0                                       text0        000000
__Htext1                                       text1        000000
__Htext10                                      text10       000000
__Htext11                                      text11       000000
__Htext12                                      text12       000000
__Htext13                                      text13       000000
__Htext14                                      text14       000000
__Htext15                                      text15       000000
__Htext16                                      text16       000000
__Htext17                                      text17       000000
__Htext18                                      text18       000000
__Htext19                                      text19       000000
__Htext2                                       text2        000000
__Htext20                                      text20       000000
__Htext21                                      text21       000000
__Htext22                                      text22       000000
__Htext23                                      text23       000000
__Htext24                                      text24       000000
__Htext25                                      text25       000000
__Htext26                                      text26       000000
__Htext27                                      text27       000000
__Htext28                                      text28       000000
__Htext29                                      text29       000000
__Htext3                                       text3        000000
__Htext30                                      text30       000000
__Htext31                                      text31       000000
__Htext32                                      text32       000000
__Htext33                                      text33       000000
__Htext34                                      text34       000000
__Htext35                                      text35       000000
__Htext37                                      text37       000000
__Htext38                                      text38       000000
__Htext39                                      text39       000000
__Htext4                                       text4        000000
__Htext40                                      text40       000000
__Htext41                                      text41       000000
__Htext42                                      text42       000000
__Htext43                                      text43       000000
__Htext44                                      text44       000000
__Htext46                                      text46       000000
__Htext47                                      text47       000000
__Htext48                                      text48       000000
__Htext49                                      text49       000000
__Htext5                                       text5        000000
__Htext50                                      text50       000000
__Htext51                                      text51       000000
__Htext52                                      text52       000000
__Htext53                                      text53       000000
__Htext54                                      text54       000000
__Htext55                                      text55       000000
__Htext56                                      text56       000000
__Htext57                                      text57       000000
__Htext58                                      text58       000000
__Htext59                                      text59       000000
__Htext6                                       text6        000000
__Htext60                                      text60       000000
__Htext61                                      text61       000000
__Htext62                                      text62       000000
__Htext63                                      text63       000000
__Htext64                                      text64       000000
__Htext65                                      text65       000000
__Htext66                                      text66       000000
__Htext67                                      text67       000000
__Htext68                                      text68       000000
__Htext69                                      text69       000000
__Htext7                                       text7        000000
__Htext70                                      text70       000000
__Htext71                                      text71       000000
__Htext72                                      text72       000000
__Htext73                                      text73       000000
__Htext74                                      text74       000000
__Htext75                                      text75       000000
__Htext76                                      text76       000000
__Htext77                                      text77       000000
__Htext78                                      text78       000000
__Htext79                                      text79       000000
__Htext8                                       text8        000000
__Htext80                                      text80       000000
__Htext81                                      text81       000000
__Htext82                                      text82       000000
__Htext83                                      text83       000000
__Htext84                                      text84       000000
__Htext9                                       text9        000000
__LRAM                                         (abs)        000001
__L__absolute__                                __absolute__ 000000
__Labs1                                        abs1         000000
__Lbank0                                       bank0        000000
__Lbank1                                       bank1        000000
__Lbank10                                      bank10       000000
__Lbank11                                      bank11       000000
__Lbank12                                      bank12       000000
__Lbank13                                      bank13       000000
__Lbank14                                      bank14       000000
__Lbank15                                      bank15       000000
__Lbank2                                       bank2        000000
__Lbank3                                       bank3        000000
__Lbank4                                       bank4        000000
__Lbank5                                       bank5        000000
__Lbank6                                       bank6        000000
__Lbank7                                       bank7        000000
__Lbank8                                       bank8        000000
__Lbank9                                       bank9        000000
__Lbigbss                                      bigbss       000000
__Lbigdata                                     bigdata      000000
__Lbigram                                      bigram       000000
__Lbigsfr                                      bigsfr       000000
__Lbss                                         bss          000000
__LbssBANK0                                    bssBANK0     000000
__LbssCOMRAM                                   bssCOMRAM    000000
__Lcinit                                       cinit        000000
__Lclrtext                                     clrtext      000000
__Lcomram                                      comram       000000
__Lconfig                                      config       000000
__Lconst                                       const        000000
__LcstackBANK0                                 cstackBANK0  000000
__LcstackCOMRAM                                cstackCOMRAM 000000
__Ldata                                        data         000000
__Leeprom_data                                 eeprom_data  000000
__Lfarbss                                      farbss       000000
__Lfardata                                     fardata      000000
__Lheap                                        heap         000000
__Libigdata                                    ibigdata     000000
__Lidata                                       idata        000000
__Lidloc                                       idloc        000000
__Lifardata                                    ifardata     000000
__Linit                                        init         000112
__Lintcode                                     intcode      000008
__Lintcode_body                                intcode_body 000000
__Lintcodelo                                   intcodelo    000018
__Lintentry                                    intentry     000000
__Lintret                                      intret       000000
__Lintsave_regs                                intsave_regs 000000
__Lirdata                                      irdata       000000
__Lmediumconst                                 mediumconst  000000
__LnvBANK0                                     nvBANK0      000000
__LnvFARRAM                                    nvFARRAM     000000
__Lnvbit                                       nvbit        000000
__Lnvrram                                      nvrram       000000
__Lparam                                       rparam       000000
__Lpowerup                                     powerup      000112
__Lram                                         ram          000000
__Lramtop                                      ramtop       001000
__Lrbit                                        rbit         000000
__Lrbss                                        rbss         000000
__Lrdata                                       rdata        000000
__Lreset_vec                                   reset_vec    000000
__Lrparam                                      rparam       000000
__Lsfr                                         sfr          000000
__Lsmallconst                                  smallconst   001000
__Lspace_0                                     (abs)        000000
__Lspace_1                                     (abs)        000000
__Lspace_2                                     (abs)        000000
__Lspace_4                                     (abs)        000000
__Lstack                                       stack        000000
__Lstruct                                      struct       000000
__Ltemp                                        temp         00004B
__Ltext                                        text         000000
__Ltext0                                       text0        000000
__Ltext1                                       text1        000000
__Ltext10                                      text10       000000
__Ltext11                                      text11       000000
__Ltext12                                      text12       000000
__Ltext13                                      text13       000000
__Ltext14                                      text14       000000
__Ltext15                                      text15       000000
__Ltext16                                      text16       000000
__Ltext17                                      text17       000000
__Ltext18                                      text18       000000
__Ltext19                                      text19       000000
__Ltext2                                       text2        000000
__Ltext20                                      text20       000000
__Ltext21                                      text21       000000
__Ltext22                                      text22       000000
__Ltext23                                      text23       000000
__Ltext24                                      text24       000000
__Ltext25                                      text25       000000
__Ltext26                                      text26       000000
__Ltext27                                      text27       000000
__Ltext28                                      text28       000000
__Ltext29                                      text29       000000
__Ltext3                                       text3        000000
__Ltext30                                      text30       000000
__Ltext31                                      text31       000000
__Ltext32                                      text32       000000
__Ltext33                                      text33       000000
__Ltext34                                      text34       000000
__Ltext35                                      text35       000000
__Ltext37                                      text37       000000
__Ltext38                                      text38       000000
__Ltext39                                      text39       000000
__Ltext4                                       text4        000000
__Ltext40                                      text40       000000
__Ltext41                                      text41       000000
__Ltext42                                      text42       000000
__Ltext43                                      text43       000000
__Ltext44                                      text44       000000
__Ltext46                                      text46       000000
__Ltext47                                      text47       000000
__Ltext48                                      text48       000000
__Ltext49                                      text49       000000
__Ltext5                                       text5        000000
__Ltext50                                      text50       000000
__Ltext51                                      text51       000000
__Ltext52                                      text52       000000
__Ltext53                                      text53       000000
__Ltext54                                      text54       000000
__Ltext55                                      text55       000000
__Ltext56                                      text56       000000
__Ltext57                                      text57       000000
__Ltext58                                      text58       000000
__Ltext59                                      text59       000000
__Ltext6                                       text6        000000
__Ltext60                                      text60       000000
__Ltext61                                      text61       000000
__Ltext62                                      text62       000000
__Ltext63                                      text63       000000
__Ltext64                                      text64       000000
__Ltext65                                      text65       000000
__Ltext66                                      text66       000000
__Ltext67                                      text67       000000
__Ltext68                                      text68       000000
__Ltext69                                      text69       000000
__Ltext7                                       text7        000000
__Ltext70                                      text70       000000
__Ltext71                                      text71       000000
__Ltext72                                      text72       000000
__Ltext73                                      text73       000000
__Ltext74                                      text74       000000
__Ltext75                                      text75       000000
__Ltext76                                      text76       000000
__Ltext77                                      text77       000000
__Ltext78                                      text78       000000
__Ltext79                                      text79       000000
__Ltext8                                       text8        000000
__Ltext80                                      text80       000000
__Ltext81                                      text81       000000
__Ltext82                                      text82       000000
__Ltext83                                      text83       000000
__Ltext84                                      text84       000000
__Ltext9                                       text9        000000
__S0                                           (abs)        001E72
__S1                                           (abs)        0000AF
__S4                                           (abs)        000000
__S5                                           (abs)        000000
___heap_hi                                     (abs)        000000
___heap_lo                                     (abs)        000000
___inthi_sp                                    stack        000000
___intlo_sp                                    stack        000000
___param_bank                                  (abs)        000000
___rparam_used                                 (abs)        000001
___sp                                          stack        000000
__accesstop                                    (abs)        000060
__activetblptr                                 (abs)        000003
__end_of_EEPROM_Read_Byte                      text19       001C98
__end_of_EEPROM_Write_Byte                     text17       001D0C
__end_of_EUSART_DefaultErrorHandler            text43       001E22
__end_of_EUSART_DefaultFramingErrorHandler     text42       001E72
__end_of_EUSART_DefaultOverrunErrorHandler     text41       001E1C
__end_of_EUSART_Initialize                     text7        001608
__end_of_EUSART_Receive_ISR                    text40       0011B8
__end_of_EUSART_RxDataHandler                  text44       001BDC
__end_of_EUSART_SetErrorHandler                text12       001DC4
__end_of_EUSART_SetFramingErrorHandler         text11       001DBA
__end_of_EUSART_SetOverrunErrorHandler         text10       001DB0
__end_of_EUSART_SetRxInterruptHandler          text9        001DA6
__end_of_EUSART_SetTxInterruptHandler          text8        001D9C
__end_of_EUSART_Transmit_ISR                   text39       001A64
__end_of_EUSART_Write                          text15       0019E0
__end_of_Get_Date_Time                         text16       0018C4
__end_of_I2C_CallbackReturnReset               text76       001E64
__end_of_I2C_CallbackReturnStop                text77       001E68
__end_of_I2C_Close                             text32       001B02
__end_of_I2C_DO_ADDRESS_NACK                   text49       00192A
__end_of_I2C_DO_IDLE                           text63       001D88
__end_of_I2C_DO_RCEN                           text58       001D7C
__end_of_I2C_DO_RESET                          text50       001D70
__end_of_I2C_DO_RX                             text59       001466
__end_of_I2C_DO_RX_ACK                         text53       001DEE
__end_of_I2C_DO_RX_NACK_RESTART                text51       001DDE
__end_of_I2C_DO_RX_NACK_STOP                   text52       001DE6
__end_of_I2C_DO_SEND_ADR_READ                  text62       001D64
__end_of_I2C_DO_SEND_ADR_WRITE                 text61       001D54
__end_of_I2C_DO_SEND_RESTART                   text55       001DFE
__end_of_I2C_DO_SEND_RESTART_READ              text57       001E0E
__end_of_I2C_DO_SEND_RESTART_WRITE             text56       001E06
__end_of_I2C_DO_SEND_STOP                      text54       001DF6
__end_of_I2C_DO_TX                             text60       0010FE
__end_of_I2C_DO_TX_EMPTY                       text64       001684
__end_of_I2C_Initialize                        text6        001D20
__end_of_I2C_MasterClearIrq                    text35       001E48
__end_of_I2C_MasterClose                       text34       001E44
__end_of_I2C_MasterDisableIrq                  text33       001E40
__end_of_I2C_MasterEnableIrq                   text28       001E38
__end_of_I2C_MasterEnableRestart               text83       001E70
__end_of_I2C_MasterFsm                         text47       00185C
__end_of_I2C_MasterGetRxData                   text69       001E5C
__end_of_I2C_MasterIsNack                      text66       001D34
__end_of_I2C_MasterIsr                         text46       001E28
__end_of_I2C_MasterOpen                        text27       001C68
__end_of_I2C_MasterOperation                   text30       001A24
__end_of_I2C_MasterSendAck                     text68       001E2E
__end_of_I2C_MasterSendNack                    text70       001E34
__end_of_I2C_MasterSendTxData                  text67       001E16
__end_of_I2C_MasterSetIrq                      text65       001E58
__end_of_I2C_MasterStart                       text31       001E3C
__end_of_I2C_MasterStartRx                     text71       001E60
__end_of_I2C_MasterStop                        text82       001E6C
__end_of_I2C_MasterWrite                       text29       001DD6
__end_of_I2C_Open                              text25       001508
__end_of_I2C_Read1ByteRegister                 text20       00158A
__end_of_I2C_SetAddressNackCallback            text23       001CC8
__end_of_I2C_SetBuffer                         text22       001C00
__end_of_I2C_SetCallback                       text24       0016FE
__end_of_I2C_SetDataCompleteCallback           text21       001CB0
__end_of_I2C_SetInterruptHandler               text26       001DCE
__end_of_I2C_Write1ByteRegister                text18       001776
__end_of_INTERRUPT_Initialize                  text5        001D44
__end_of_INTERRUPT_InterruptManagerHigh        intcode_body 00131A
__end_of_INTERRUPT_InterruptManagerLow         intcodelo    000112
__end_of_MEMORY_ISR                            text38       001E50
__end_of_OSCILLATOR_Initialize                 text4        001D92
__end_of_PIN_MANAGER_IOC                       text37       001E4C
__end_of_PIN_MANAGER_Initialize                text3        001AD4
__end_of_Print_Date_time                       text13       0013C0
__end_of_SYSTEM_Initialize                     text2        001CF6
__end_of_Temp_Read_Temp                        text1        001C80
__end_of_USART_Send_String                     text14       001988
__end_of__initialization                       cinit        001C3C
__end_of_i2c_fsmStateTable                     smallconst   001021
__end_of_main                                  text0        00126E
__end_of_rd1RegCompleteHandler                 text75       001B86
__end_of_rd2RegCompleteHandler                 text74       001B5A
__end_of_rdBlkRegCompleteHandler               text72       001AA4
__end_of_wr1RegCompleteHandler                 text73       001B2E
__end_of_wr2RegCompleteHandler                 text78       001BB2
__end_ofi2_I2C_MasterClearIrq                  text48       001E54
__end_ofi2_I2C_SetBuffer                       text81       001C24
__end_ofi2_I2C_SetCallback                     text80       0017EC
__end_ofi2_I2C_SetDataCompleteCallback         text79       001CE0
__initialization                               cinit        001C24
__mediumconst                                  mediumconst  000000
__pbssBANK0                                    bssBANK0     000060
__pbssCOMRAM                                   bssCOMRAM    000001
__pcinit                                       cinit        001C24
__pcstackBANK0                                 cstackBANK0  000092
__pcstackCOMRAM                                cstackCOMRAM 000035
__pintcode                                     intcode      000008
__pintcode_body                                intcode_body 00126E
__pintcodelo                                   intcodelo    000018
__pnvBANK0                                     nvBANK0      0000A5
__psmallconst                                  smallconst   001000
__ptext0                                       text0        0011B8
__ptext1                                       text1        001C68
__ptext10                                      text10       001DA6
__ptext11                                      text11       001DB0
__ptext12                                      text12       001DBA
__ptext13                                      text13       00131A
__ptext14                                      text14       00192A
__ptext15                                      text15       001988
__ptext16                                      text16       00185C
__ptext17                                      text17       001CF6
__ptext18                                      text18       0016FE
__ptext19                                      text19       001C80
__ptext2                                       text2        001CE0
__ptext20                                      text20       001508
__ptext21                                      text21       001C98
__ptext22                                      text22       001BDC
__ptext23                                      text23       001CB0
__ptext24                                      text24       001684
__ptext25                                      text25       001466
__ptext26                                      text26       001DC4
__ptext27                                      text27       001C46
__ptext28                                      text28       001E34
__ptext29                                      text29       001DCE
__ptext3                                       text3        001AA4
__ptext30                                      text30       0019E0
__ptext31                                      text31       001E38
__ptext32                                      text32       001AD4
__ptext33                                      text33       001E3C
__ptext34                                      text34       001E40
__ptext35                                      text35       001E44
__ptext37                                      text37       001E48
__ptext38                                      text38       001E4C
__ptext39                                      text39       001A24
__ptext4                                       text4        001D88
__ptext40                                      text40       0010FE
__ptext41                                      text41       001E16
__ptext42                                      text42       001E70
__ptext43                                      text43       001E1C
__ptext44                                      text44       001BB2
__ptext46                                      text46       001E22
__ptext47                                      text47       0017EC
__ptext48                                      text48       001E50
__ptext49                                      text49       0018C4
__ptext5                                       text5        001D34
__ptext50                                      text50       001D64
__ptext51                                      text51       001DD6
__ptext52                                      text52       001DDE
__ptext53                                      text53       001DE6
__ptext54                                      text54       001DEE
__ptext55                                      text55       001DF6
__ptext56                                      text56       001DFE
__ptext57                                      text57       001E06
__ptext58                                      text58       001D70
__ptext59                                      text59       0013C0
__ptext6                                       text6        001D0C
__ptext60                                      text60       00103A
__ptext61                                      text61       001D44
__ptext62                                      text62       001D54
__ptext63                                      text63       001D7C
__ptext64                                      text64       001608
__ptext65                                      text65       001E54
__ptext66                                      text66       001D20
__ptext67                                      text67       001E0E
__ptext68                                      text68       001E28
__ptext69                                      text69       001E58
__ptext7                                       text7        00158A
__ptext70                                      text70       001E2E
__ptext71                                      text71       001E5C
__ptext72                                      text72       001A64
__ptext73                                      text73       001B02
__ptext74                                      text74       001B2E
__ptext75                                      text75       001B5A
__ptext76                                      text76       001E60
__ptext77                                      text77       001E64
__ptext78                                      text78       001B86
__ptext79                                      text79       001CC8
__ptext8                                       text8        001D92
__ptext80                                      text80       001776
__ptext81                                      text81       001C00
__ptext82                                      text82       001E68
__ptext83                                      text83       001E6C
__ptext84                                      text84       000000
__ptext9                                       text9        001D9C
__ramtop                                       ramtop       001000
__smallconst                                   smallconst   001000
_eusartRxBuffer                                bssBANK0     000084
_eusartRxCount                                 bssCOMRAM    00001A
_eusartRxHead                                  bssCOMRAM    00001C
_eusartRxLastError                             bssCOMRAM    000019
_eusartRxStatusBuffer                          bssCOMRAM    000001
_eusartRxTail                                  bssCOMRAM    00001B
_eusartTxBuffer                                bssCOMRAM    000009
_eusartTxBufferRemaining                       bssCOMRAM    00001D
_eusartTxHead                                  bssCOMRAM    00001F
_eusartTxTail                                  bssCOMRAM    00001E
_i2c_fsmStateTable                             smallconst   001001
_main                                          text0        0011B8
_rd1RegCompleteHandler                         text75       001B5A
_rd2RegCompleteHandler                         text74       001B2E
_rdBlkRegCompleteHandler                       text72       001A64
_wr1RegCompleteHandler                         text73       001B02
_wr2RegCompleteHandler                         text78       001B86
btemp                                          temp         00004B
end_of_initialization                          cinit        001C3C
i2I2C_SetBuffer@buffer                         cstackCOMRAM 000035
i2I2C_SetBuffer@bufferSize                     cstackCOMRAM 000037
i2I2C_SetCallback@cb                           cstackCOMRAM 000035
i2I2C_SetCallback@idx                          cstackCOMRAM 000039
i2I2C_SetCallback@ptr                          cstackCOMRAM 000037
i2I2C_SetDataCompleteCallback@cb               cstackCOMRAM 00003A
i2I2C_SetDataCompleteCallback@ptr              cstackCOMRAM 00003C
i2_I2C_MasterClearIrq                          text48       001E50
i2_I2C_SetBuffer                               text81       001C00
i2_I2C_SetCallback                             text80       001776
i2_I2C_SetDataCompleteCallback                 text79       001CC8
int$flags                                      temp         00004B
int_func                                       intcode_body 00126E
intlevel0                                      text         000000
intlevel1                                      text         000000
intlevel2                                      text         000000
intlevel3                                      text         000000
isa$std                                        (abs)        000001
isa$xinst                                      (abs)        000000
rd1RegCompleteHandler@ptr                      cstackCOMRAM 00003E
rd2RegCompleteHandler@ptr                      cstackCOMRAM 00003E
rdBlkRegCompleteHandler@ptr                    cstackCOMRAM 00003E
stackhi                                        (abs)        000000
stacklo                                        (abs)        000000
start                                          init         000112
start_initialization                           cinit        001C24
ttemp5                                         temp         00004C
ttemp6                                         temp         00004F
ttemp7                                         temp         000053
wr1RegCompleteHandler@ptr                      cstackCOMRAM 00003E
wr2RegCompleteHandler@ptr                      cstackCOMRAM 00003E
wtemp8                                         temp         00004C


MODULE INFORMATION

Module		Function		Class		Link	Load	Size
Modules/USART_Data/USART_Data.c
		_USART_Send_String		CODE           	192A	0000	94

Modules/USART_Data/USART_Data.c estimated size: 94

mcc_generated_files/interrupt_manager.c
		_INTERRUPT_Initialize		CODE           	1D34	0000	16
		_INTERRUPT_InterruptManagerLow		CODE           	0018	0000	250
		_INTERRUPT_InterruptManagerHigh		CODE           	0008	0000	178

mcc_generated_files/interrupt_manager.c estimated size: 444

mcc_generated_files/examples/i2c_master_example.c
		_wr1RegCompleteHandler		CODE           	1B02	0000	44
		_wr2RegCompleteHandler		CODE           	1B86	0000	44
		_I2C_Write1ByteRegister		CODE           	16FE	0000	120
		_I2C_Read1ByteRegister		CODE           	1508	0000	130
		_rdBlkRegCompleteHandler		CODE           	1A64	0000	64
		_rd1RegCompleteHandler		CODE           	1B5A	0000	44
		_rd2RegCompleteHandler		CODE           	1B2E	0000	44

mcc_generated_files/examples/i2c_master_example.c estimated size: 490

mcc_generated_files/pin_manager.c
		_PIN_MANAGER_Initialize		CODE           	1AA4	0000	48
		_PIN_MANAGER_IOC		CODE           	1E48	0000	4

mcc_generated_files/pin_manager.c estimated size: 52

Modules/EEPROM_24C02C/EEPROM.c
		_EEPROM_Read_Byte		CODE           	1C80	0000	24
		_EEPROM_Write_Byte		CODE           	1CF6	0000	22

Modules/EEPROM_24C02C/EEPROM.c estimated size: 46

Modules/RTC_DS1307/RTC.c
		_Get_Date_Time 		CODE           	185C	0000	104
		_Print_Date_time		CODE           	131A	0000	166

Modules/RTC_DS1307/RTC.c estimated size: 270

Modules/Temp_sensor_TC74/Temp.c
		_Temp_Read_Temp		CODE           	1C68	0000	24

Modules/Temp_sensor_TC74/Temp.c estimated size: 24

shared
		i2_I2C_SetBuffer		CODE           	1C00	0000	36
		__initialization		CODE           	1C24	0000	24
		i2_I2C_SetCallback		CODE           	1776	0000	118
		i2_I2C_SetDataCompleteCallback		CODE           	1CC8	0000	24
		i2_I2C_MasterClearIrq		CODE           	1E50	0000	4
		_i2c_fsmStateTable		SMALLCONST     	1001	0000	32

shared estimated size: 238

mcc_generated_files/mcc.c
		_OSCILLATOR_Initialize		CODE           	1D88	0000	10
		_SYSTEM_Initialize		CODE           	1CE0	0000	22

mcc_generated_files/mcc.c estimated size: 32

mcc_generated_files/memory.c
		_MEMORY_ISR    		CODE           	1E4C	0000	4

mcc_generated_files/memory.c estimated size: 4

mcc_generated_files/i2c_master.c
		_I2C_Close     		CODE           	1AD4	0000	46
		_I2C_MasterStartRx		CODE           	1E5C	0000	4
		_I2C_DO_SEND_ADR_WRITE		CODE           	1D44	0000	16
		_I2C_DO_SEND_STOP		CODE           	1DEE	0000	8
		_I2C_MasterSendNack		CODE           	1E2E	0000	6
		_I2C_MasterDisableIrq		CODE           	1E3C	0000	4
		_I2C_CallbackReturnStop		CODE           	1E64	0000	4
		_I2C_MasterOperation		CODE           	19E0	0000	68
		_I2C_DO_SEND_ADR_READ		CODE           	1D54	0000	16
		_I2C_DO_RX_NACK_STOP		CODE           	1DDE	0000	8
		_I2C_DO_SEND_RESTART		CODE           	1DF6	0000	8
		_I2C_DO_RX     		CODE           	13C0	0000	166
		_I2C_DO_TX     		CODE           	103A	0000	196
		_I2C_DO_IDLE   		CODE           	1D7C	0000	12
		_I2C_DO_RCEN   		CODE           	1D70	0000	12
		_I2C_DO_RESET  		CODE           	1D64	0000	12
		_I2C_MasterClose		CODE           	1E40	0000	4
		_I2C_MasterWrite		CODE           	1DCE	0000	8
		_I2C_DO_RX_ACK 		CODE           	1DE6	0000	8
		_I2C_MasterStart		CODE           	1E38	0000	4
		_I2C_MasterClearIrq		CODE           	1E44	0000	4
		_I2C_MasterGetRxData		CODE           	1E58	0000	4
		_I2C_SetCallback		CODE           	1684	0000	122
		_I2C_DO_ADDRESS_NACK		CODE           	18C4	0000	102
		_I2C_MasterEnableRestart		CODE           	1E6C	0000	4
		_I2C_CallbackReturnReset		CODE           	1E60	0000	4
		_I2C_Open      		CODE           	1466	0000	162
		_I2C_SetAddressNackCallback		CODE           	1CB0	0000	24
		_I2C_DO_TX_EMPTY		CODE           	1608	0000	124
		_I2C_DO_SEND_RESTART_WRITE		CODE           	1DFE	0000	8
		_I2C_MasterIsNack		CODE           	1D20	0000	20
		_I2C_SetDataCompleteCallback		CODE           	1C98	0000	24
		_I2C_DO_RX_NACK_RESTART		CODE           	1DD6	0000	8
		_I2C_MasterSendAck		CODE           	1E28	0000	6
		_I2C_MasterFsm 		CODE           	17EC	0000	112
		_I2C_MasterIsr 		CODE           	1E22	0000	6
		_I2C_MasterSetIrq		CODE           	1E54	0000	4
		_I2C_DO_SEND_RESTART_READ		CODE           	1E06	0000	8
		_I2C_MasterEnableIrq		CODE           	1E34	0000	4
		_I2C_Initialize		CODE           	1D0C	0000	20
		_I2C_SetBuffer 		CODE           	1BDC	0000	36
		_I2C_SetInterruptHandler		CODE           	1DC4	0000	10
		_I2C_MasterOpen		CODE           	1C46	0000	34
		_I2C_MasterSendTxData		CODE           	1E0E	0000	8
		_I2C_MasterStop		CODE           	1E68	0000	4

mcc_generated_files/i2c_master.c estimated size: 1472

mcc_generated_files/eusart.c
		_EUSART_SetRxInterruptHandler		CODE           	1D9C	0000	10
		_EUSART_SetTxInterruptHandler		CODE           	1D92	0000	10
		_EUSART_DefaultOverrunErrorHandler		CODE           	1E16	0000	6
		_EUSART_Write  		CODE           	1988	0000	88
		_EUSART_DefaultErrorHandler		CODE           	1E1C	0000	6
		_EUSART_Transmit_ISR		CODE           	1A24	0000	64
		_EUSART_Initialize		CODE           	158A	0000	126
		_EUSART_SetFramingErrorHandler		CODE           	1DB0	0000	10
		_EUSART_SetErrorHandler		CODE           	1DBA	0000	10
		_EUSART_SetOverrunErrorHandler		CODE           	1DA6	0000	10
		_EUSART_Receive_ISR		CODE           	10FE	0000	186
		_EUSART_RxDataHandler		CODE           	1BB2	0000	42
		_EUSART_DefaultFramingErrorHandler		CODE           	1E70	0000	2

mcc_generated_files/eusart.c estimated size: 570

main.c
		_main          		CODE           	11B8	0000	182

main.c estimated size: 182

